[eurosat_edsr] params=1,517,571 train=18900 p_lr=16 hr=64 data_load=17s
ep   5 pix 0.0231 perc 0.000 adv 0.000 D 0.000 valPSNR 32.183 [1.1m]
ep  10 pix 0.0209 perc 0.000 adv 0.000 D 0.000 valPSNR 32.819 [1.9m]
ep  15 pix 0.0209 perc 0.000 adv 0.000 D 0.000 valPSNR 33.443 [2.7m]
ep  20 pix 0.0201 perc 0.000 adv 0.000 D 0.000 valPSNR 33.899 [3.5m]
ep  25 pix 0.0199 perc 0.000 adv 0.000 D 0.000 valPSNR 34.138 [4.3m]
ep  30 pix 0.0192 perc 0.000 adv 0.000 D 0.000 valPSNR 34.538 [5.0m]
ep  35 pix 0.0192 perc 0.000 adv 0.000 D 0.000 valPSNR 34.731 [5.8m]
ep  40 pix 0.0193 perc 0.000 adv 0.000 D 0.000 valPSNR 34.766 [6.6m]
ep  45 pix 0.0194 perc 0.000 adv 0.000 D 0.000 valPSNR 34.941 [7.4m]
ep  50 pix 0.0185 perc 0.000 adv 0.000 D 0.000 valPSNR 35.057 [8.2m]
ep  55 pix 0.0189 perc 0.000 adv 0.000 D 0.000 valPSNR 34.836 [9.0m]
ep  60 pix 0.0186 perc 0.000 adv 0.000 D 0.000 valPSNR 35.125 [9.8m]
ep  65 pix 0.0190 perc 0.000 adv 0.000 D 0.000 valPSNR 35.285 [10.6m]
ep  70 pix 0.0193 perc 0.000 adv 0.000 D 0.000 valPSNR 35.366 [11.3m]
ep  75 pix 0.0186 perc 0.000 adv 0.000 D 0.000 valPSNR 35.397 [12.1m]
ep  80 pix 0.0190 perc 0.000 adv 0.000 D 0.000 valPSNR 35.446 [12.9m]
ep  85 pix 0.0183 perc 0.000 adv 0.000 D 0.000 valPSNR 35.510 [13.7m]
ep  90 pix 0.0190 perc 0.000 adv 0.000 D 0.000 valPSNR 35.545 [14.5m]
ep  95 pix 0.0190 perc 0.000 adv 0.000 D 0.000 valPSNR 35.509 [15.3m]
ep 100 pix 0.0182 perc 0.000 adv 0.000 D 0.000 valPSNR 35.585 [16.1m]
ep 105 pix 0.0190 perc 0.000 adv 0.000 D 0.000 valPSNR 35.611 [16.9m]
ep 110 pix 0.0189 perc 0.000 adv 0.000 D 0.000 valPSNR 35.624 [17.7m]
ep 115 pix 0.0184 perc 0.000 adv 0.000 D 0.000 valPSNR 35.627 [18.5m]
ep 120 pix 0.0187 perc 0.000 adv 0.000 D 0.000 valPSNR 35.628 [19.3m]
[eurosat_edsr] done best val PSNR 35.628 in 19.3 min
