[ucmerced_edsr] params=1,517,571 train=1470 p_lr=32 hr=256 data_load=7s
ep   5 pix 0.0401 perc 0.000 adv 0.000 D 0.000 valPSNR 28.979 [0.9m]
ep  10 pix 0.0384 perc 0.000 adv 0.000 D 0.000 valPSNR 29.349 [1.5m]
ep  15 pix 0.0376 perc 0.000 adv 0.000 D 0.000 valPSNR 29.512 [2.1m]
ep  20 pix 0.0356 perc 0.000 adv 0.000 D 0.000 valPSNR 29.781 [2.7m]
ep  25 pix 0.0353 perc 0.000 adv 0.000 D 0.000 valPSNR 29.876 [3.3m]
ep  30 pix 0.0355 perc 0.000 adv 0.000 D 0.000 valPSNR 29.970 [3.9m]
ep  35 pix 0.0358 perc 0.000 adv 0.000 D 0.000 valPSNR 30.014 [4.5m]
ep  40 pix 0.0345 perc 0.000 adv 0.000 D 0.000 valPSNR 30.138 [5.1m]
ep  45 pix 0.0344 perc 0.000 adv 0.000 D 0.000 valPSNR 30.134 [5.7m]
ep  50 pix 0.0343 perc 0.000 adv 0.000 D 0.000 valPSNR 30.093 [6.3m]
ep  55 pix 0.0337 perc 0.000 adv 0.000 D 0.000 valPSNR 30.296 [6.9m]
ep  60 pix 0.0333 perc 0.000 adv 0.000 D 0.000 valPSNR 30.193 [7.5m]
ep  65 pix 0.0341 perc 0.000 adv 0.000 D 0.000 valPSNR 30.306 [8.1m]
ep  70 pix 0.0343 perc 0.000 adv 0.000 D 0.000 valPSNR 30.279 [8.7m]
ep  75 pix 0.0346 perc 0.000 adv 0.000 D 0.000 valPSNR 30.333 [9.2m]
ep  80 pix 0.0325 perc 0.000 adv 0.000 D 0.000 valPSNR 30.355 [9.8m]
ep  85 pix 0.0340 perc 0.000 adv 0.000 D 0.000 valPSNR 30.381 [10.4m]
ep  90 pix 0.0332 perc 0.000 adv 0.000 D 0.000 valPSNR 30.395 [11.0m]
ep  95 pix 0.0326 perc 0.000 adv 0.000 D 0.000 valPSNR 30.428 [11.6m]
ep 100 pix 0.0330 perc 0.000 adv 0.000 D 0.000 valPSNR 30.452 [12.2m]
ep 105 pix 0.0332 perc 0.000 adv 0.000 D 0.000 valPSNR 30.447 [12.8m]
ep 110 pix 0.0333 perc 0.000 adv 0.000 D 0.000 valPSNR 30.444 [13.4m]
ep 115 pix 0.0336 perc 0.000 adv 0.000 D 0.000 valPSNR 30.450 [14.0m]
ep 120 pix 0.0332 perc 0.000 adv 0.000 D 0.000 valPSNR 30.449 [14.6m]
[ucmerced_edsr] done best val PSNR 30.452 in 14.6 min
